// Jest Snapshot v1, https://goo.gl/fbAQLP

exports[`<App /> renders component correctly 1`] = `
<div>
  <div
    class="sc-bdvvtL bKhKNO"
  >
    <header
      class="sc-gsDKAQ fsxoOd"
    >
      <img
        alt="logo"
        class="sc-dkPtRN jPeShH"
        src="logo.svg"
      />
      <p>
        Edit 
        <code>
          src/App.tsx
        </code>
         and save to reload.
      </p>
      <a
        class="sc-hKwDye gOuUoq"
        href="https://reactjs.org"
        rel="noopener noreferrer"
        target="_blank"
      >
        Learn React
      </a>
    </header>
  </div>
</div>
`;

exports[`<Button /> renders component correctly 1`] = `
.c0 {
  text-align: center;
  background-color: #304FFE;
  padding: 10px 20px;
  border-radius: 8px;
  cursor: pointer;
}

.c0:hover {
  background-color: #1E40FF;
}

.c0:active {
  box-shadow: inset 5px 5px 10px rgba(0,0,0,0.2);
}

.c1 {
  color: #FFFFFF;
  font-size: 16px;
}

<div>
  <div
    class="c0"
  >
    <label
      class="c1"
    >
      Button Test
       
    </label>
  </div>
</div>
`;
